I'm sorry, but errors were detected in your script. Please correct the
errors listed below, and try again.


File "game/script.rpy", line 60: Line is followed by a block, despite not being a menu choice. Did you forget a colon at the end of the line?
    "알았어, 그럼 나중에..."
                    ^

Ren'Py Version: Ren'Py 7.1.1.929
Wed Jan 23 20:12:36 2019
